src/134_class_reference.php:4 PhanUnreferencedClass Possibly zero references to class \X\Y\Z\Other
