src/190_repeated_silence.php:2 PhanNoopRepeatedSilenceOperator Saw a repeated silence operator in @(@$y)
