%s:47 PhanTypeMismatchArgument Argument 1 ($a) is $f of type string but \B::f() takes int defined at %s:22
