%s:3 PhanDebugAnnotation @phan-debug-var requested for variable $important_variable - it has union type ?true=(real=?true=)
%s:7 PhanPossiblyUndeclaredGlobalVariable Global variable $important_variable is possibly undeclared
%s:8 PhanTypeMismatchArgumentInternal Argument 1 ($value) is $use_variable of type ?true but \count() takes \Countable|\ResourceBundle|\SimpleXMLElement|array
