%s:7 PhanUndeclaredGlobalVariable Global variable $b is undeclared
%s:14 PhanUndeclaredVariable Variable $d is undeclared
