%s:4 PhanTypeMismatchArgument Argument 1 (p) is array{0:int} but \f() takes string[] defined at %s:3
