%s:3 PhanTypeMismatchDeclaredParam Doc-block of $arg1 in f1 contains phpdoc param type string which is incompatible with the param type int declared in the signature
%s:14 PhanTypeMismatchDeclaredParam Doc-block of $arg1 in f4 contains phpdoc param type iterable which is incompatible with the param type array declared in the signature
%s:17 PhanTypeMismatchDeclaredParam Doc-block of $arg1 in f5 contains phpdoc param type iterable which is incompatible with the param type array declared in the signature
%s:22 PhanTypeMismatchDeclaredParam Doc-block of $arg2 in f6 contains phpdoc param type iterable which is incompatible with the param type array declared in the signature
%s:22 PhanTypeMismatchDeclaredParam Doc-block of $arg2 in f6 contains phpdoc param type string which is incompatible with the param type array declared in the signature
%s:32 PhanTypeMismatchDeclaredParam Doc-block of $arg1 in f9 contains phpdoc param type string which is incompatible with the param type iterable declared in the signature
%s:36 PhanTypeMismatchDeclaredParam Doc-block of $arg1 in a10 contains phpdoc param type ?int which is incompatible with the param type int declared in the signature
%s:58 PhanTypeMismatchReturnProbablyReal Returning $vararg1 of type list<int> but a13() is declared to return int (no real type) (the inferred real return type has nothing in common with the declared phpdoc return type)
%s:74 PhanTypeMismatchDeclaredParam Doc-block of $arg1 in g2 contains phpdoc param type \C314_1 which is incompatible with the param type \C314_2 declared in the signature
%s:78 PhanTypeMismatchDeclaredParam Doc-block of $arg1 in g3 contains phpdoc param type \C314_1 which is incompatible with the param type \C314_2 declared in the signature
%s:84 PhanTypeMismatchArgumentInternal%SReal Argument 1 ($string) is $x of type int[] (real type array) but \strlen() takes string
