%s:12 PhanUndeclaredConstantOfClass Reference to undeclared class constant \CC::TYPE_MISSING
