%s:5 PhanTypeMismatchArgumentInternal Argument 2 ($options) is ['allowed_classes'=>[['stdClass']]] of type array{allowed_classes:array{0:array{0:'stdClass'}}} but \unserialize() takes array{allowed_classes?:bool|string[]}
