%s:8 PhanTypeMismatchArgumentInternal Argument 1 ($string) is $v of type int but \strlen() takes string
%s:9 PhanTypeMismatchArgumentInternal Argument 1 ($num1) is $k of type string but \intdiv() takes int
%s:18 PhanTypeMismatchArgumentInternal Argument 1 ($string) is $v of type int but \strlen() takes string
%s:19 PhanTypeMismatchArgumentInternal Argument 1 ($num1) is $k of type string but \intdiv() takes int
%s:28 PhanTypeMismatchArgument Argument 1 ($tsi) is $tii of type \Traversable|\Traversable<int,int>|iterable but \expect_traversable_string_int() takes \Traversable<string,int> defined at %s:16
%s:30 PhanTypeMismatchArgument Argument 1 ($tsi) is $tss of type \Traversable|\Traversable<string,string>|iterable but \expect_traversable_string_int() takes \Traversable<string,int> defined at %s:16
%s:39 PhanTypeMismatchArgument Argument 1 ($isi) is [$s=>$s] of type non-empty-array<string,string> but \expect_iterable_string_int() takes iterable<string,int> defined at %s:6
%s:40 PhanTypeMismatchArgument Argument 1 ($isi) is [$i=>$s] of type non-empty-associative-array<int,string> but \expect_iterable_string_int() takes iterable<string,int> defined at %s:6
%s:42 PhanTypeMismatchArgumentReal Argument 1 ($tsi) is [$s=>$i] of type non-empty-array<string,int> (real type non-empty-array<mixed,int>) but \expect_traversable_string_int() takes \Traversable<string,int> (real type \Traversable) defined at %s:16
%s:51 PhanTypeMismatchArgumentInternal Argument 1 ($string) is $v of type int but \strlen() takes string
%s:52 PhanTypeMismatchArgumentInternal Argument 1 ($num1) is $k of type string but \intdiv() takes int
