%s:11 PhanTypeMismatchArgumentInternal%SReal Argument 1 ($string) is new $c() of type \X\Example (real type object) but \strlen() takes string
%s:13 PhanUndeclaredConstantOfClass Reference to undeclared class constant \X\Example::BAD (Did you mean \X\Example::BAR)
