%s:16 PhanInvalidCommentForDeclarationType The phpdoc comment for @template cannot occur on a method
%s:21 PhanTypeMismatchArgumentInternal Argument 1 (string) is int but \strlen() takes string
