%s:6 PhanTypeMismatchArgumentReal Argument 2 ($item) is 'invalid' of type 'invalid' but \misc::foo() takes array defined at %s:9
