%s:12 PhanTypeMismatchArgumentInternal%SReal Argument 1 ($num1) is $o of type callable-array (real type array) but \intdiv() takes int
%s:14 PhanTypeMismatchArgumentInternal Argument 1 ($num1) is $o of type null but \intdiv() takes int
%s:20 PhanTypeMismatchArgumentInternal%SReal Argument 1 ($num1) is $c of type callable-array but \intdiv() takes int
%s:22 PhanImpossibleCondition Impossible attempt to cast $c of type callable-array to empty
%s:26 PhanTypeMismatchArgumentInternal%SReal Argument 1 ($num1) is $arr of type callable-array but \intdiv() takes int
%s:28 PhanImpossibleCondition Impossible attempt to cast $arr of type callable-array to empty
