%s:10 PhanTypeMismatchProperty Assigning 'other' to property but \Example699->p1 is null
