%s:4 PhanDebugAnnotation @phan-debug-var requested for variable $var1 - it has union type 'foo'(real='foo')
%s:4 PhanDebugAnnotation @phan-debug-var requested for variable $var2 - it has union type 'bar'(real='bar')
%s:4 PhanDebugAnnotation @phan-debug-var requested for variable $var3 - it has union type 42(real=42)
